[0m19:54:04.999830 [debug] [MainThread]: Sending event: {'category': 'dbt', 'action': 'invocation', 'label': 'start', 'context': [<snowplow_tracker.self_describing_json.SelfDescribingJson object at 0x7f7ed80f8410>, <snowplow_tracker.self_describing_json.SelfDescribingJson object at 0x7f7ed7f78550>, <snowplow_tracker.self_describing_json.SelfDescribingJson object at 0x7f7ed80f8190>]}


============================== 19:54:05.003023 | ea82397b-29ac-4d37-bd70-5c4817b569e4 ==============================
[0m19:54:05.003023 [info ] [MainThread]: Running with dbt=1.12.5
[0m19:54:05.003505 [debug] [MainThread]: running dbt with arguments {'introspect': 'True', 'static_parser': 'True', 'send_anonymous_usage_stats': 'True', 'warn_error_options': 'WarnErrorOptionsV2(error=[], warn=[], silence=[])', 'version_check': 'True', 'log_path': 'logs', 'log_cache_events': 'False', 'hints_enabled': 'True', 'quiet': 'False', 'printer_width': '80', 'use_colors': 'True', 'cache_selected_only': 'False', 'partial_parse': 'True', 'log_format': 'default', 'debug': 'False', 'write_json': 'True', 'fail_fast': 'False', 'invocation_command': 'dbt init', 'use_experimental_parser': 'False', 'maximum_seed_size_mib': '1', 'empty': 'None', 'target_path': 'None', 'no_print': 'None', 'profiles_dir': '/home/stivenjc/.dbt', 'indirect_selection': 'eager', 'warn_error': 'None'}
[0m19:54:20.478347 [info ] [MainThread]: A project called dbt_project already exists here.
[0m19:54:20.480819 [debug] [MainThread]: Resource report: {"command_name": "init", "command_success": true, "command_wall_clock_time": 15.54, "process_in_blocks": "5728", "process_kernel_time": 0.174895, "process_mem_max_rss": "106640", "process_out_blocks": "16", "process_user_time": 1.236189}
[0m19:54:20.481691 [debug] [MainThread]: Command `dbt init` succeeded at 19:54:20.481541 after 15.54 seconds
[0m19:54:20.482186 [debug] [MainThread]: Sending event: {'category': 'dbt', 'action': 'invocation', 'label': 'end', 'context': [<snowplow_tracker.self_describing_json.SelfDescribingJson object at 0x7f7ed7f970d0>, <snowplow_tracker.self_describing_json.SelfDescribingJson object at 0x7f7ed7f97f10>, <snowplow_tracker.self_describing_json.SelfDescribingJson object at 0x7f7ed8b5fa90>]}
[0m19:54:20.482799 [debug] [MainThread]: Flushing usage events
[0m19:54:21.127271 [debug] [MainThread]: An error was encountered while trying to flush usage events
[0m19:54:34.221320 [debug] [MainThread]: Sending event: {'category': 'dbt', 'action': 'invocation', 'label': 'start', 'context': [<snowplow_tracker.self_describing_json.SelfDescribingJson object at 0x7f47164f7990>, <snowplow_tracker.self_describing_json.SelfDescribingJson object at 0x7f4716dda450>, <snowplow_tracker.self_describing_json.SelfDescribingJson object at 0x7f47163706d0>]}


============================== 19:54:34.224963 | a8e0b81d-f2fd-4203-9871-668a78896a7a ==============================
[0m19:54:34.224963 [info ] [MainThread]: Running with dbt=1.12.5
[0m19:54:34.225578 [debug] [MainThread]: running dbt with arguments {'maximum_seed_size_mib': '1', 'warn_error_options': 'WarnErrorOptionsV2(error=[], warn=[], silence=[])', 'write_json': 'True', 'introspect': 'True', 'invocation_command': 'dbt init', 'no_print': 'None', 'indirect_selection': 'eager', 'debug': 'False', 'warn_error': 'None', 'static_parser': 'True', 'cache_selected_only': 'False', 'log_format': 'default', 'partial_parse': 'True', 'log_cache_events': 'False', 'profiles_dir': '/home/stivenjc/.dbt', 'use_colors': 'True', 'printer_width': '80', 'version_check': 'True', 'use_experimental_parser': 'False', 'quiet': 'False', 'send_anonymous_usage_stats': 'True', 'target_path': 'None', 'empty': 'None', 'hints_enabled': 'True', 'fail_fast': 'False', 'log_path': 'logs'}
[0m19:54:45.838683 [debug] [MainThread]: Starter project path: /home/stivenjc/PycharmProjects/observatorio-colombia/.venv/lib/python3.11/site-packages/dbt/include/starter_project
[0m19:54:45.842843 [info ] [MainThread]: Setting up your profile.
[0m19:55:47.912072 [info ] [MainThread]: Profile dbt_project written to /home/stivenjc/.dbt/profiles.yml using target's profile_template.yml and your supplied values.
[0m19:55:47.914689 [info ] [MainThread]: Running dbt debug to validate the project...
[0m19:55:47.915722 [info ] [MainThread]: dbt version: 1.12.5
[0m19:55:47.916525 [info ] [MainThread]: python version: 3.11.2
[0m19:55:47.917213 [info ] [MainThread]: python path: /home/stivenjc/PycharmProjects/observatorio-colombia/.venv/bin/python3
[0m19:55:47.917809 [info ] [MainThread]: os info: Linux-6.12.95+deb12-amd64-x86_64-with-glibc2.36
[0m19:55:47.982236 [info ] [MainThread]: Using profiles dir at /home/stivenjc/.dbt
[0m19:55:47.982859 [info ] [MainThread]: Using profiles.yml file at /home/stivenjc/.dbt/profiles.yml
[0m19:55:47.983116 [info ] [MainThread]: Using dbt_project.yml file at /home/stivenjc/PycharmProjects/observatorio-colombia/dbt_project/dbt_project.yml
[0m19:55:47.983383 [info ] [MainThread]: adapter type: bigquery
[0m19:55:47.983631 [info ] [MainThread]: adapter version: 1.12.1
[0m19:55:48.092081 [info ] [MainThread]: Configuration:
[0m19:55:48.092819 [info ] [MainThread]:   profiles.yml file [[32mOK found and valid[0m]
[0m19:55:48.093145 [info ] [MainThread]:   dbt_project.yml file [[32mOK found and valid[0m]
[0m19:55:48.093404 [info ] [MainThread]: Required dependencies:
[0m19:55:48.093694 [debug] [MainThread]: Executing "git --help"
[0m19:55:48.096590 [debug] [MainThread]: STDOUT: "b"uso: git [-v | --version] [-h | --help] [-C <ruta>] [-c <nombre>=<valor>]\n           [--exec-path[=<ruta>]] [--html-path] [--man-path] [--info-path]\n           [-p | --paginate | -P | --no-pager] [--no-replace-objects] [--bare]\n           [--git-dir=<ruta>] [--work-tree=<ruta>] [--namespace=<nombre>]\n           [--super-prefix=<ruta>] [--config-env=<nombre>=<variable-de-entorno>]\n           <comando> [<argumentos>]\n\nEstos son comandos comunes de Git usados en varias situaciones:\n\ncomenzar un \xc3\xa1rea de trabajo (mira tambi\xc3\xa9n: git help tutorial)\n   clone     Clonar un repositorio dentro de un nuevo directorio\n   init      Crear un repositorio de Git vac\xc3\xado o reinicia el que ya existe\n\ntrabajar en los cambios actuales (mira tambi\xc3\xa9n: git help everyday)\n   add       Agregar contenido de archivos al \xc3\xadndice\n   mv        Mover o cambiar el nombre a archivos, directorios o enlaces simb\xc3\xb3licos\n   restore   Restaurar archivos del \xc3\xa1rbol de trabajo\n   rm        Borrar archivos del \xc3\xa1rbol de trabajo y del \xc3\xadndice\n\nexaminar el historial y el estado (mira tambi\xc3\xa9n: git help revisions)\n   bisect    Usar la b\xc3\xbasqueda binaria para encontrar el commit que introdujo el bug\n   diff      Mostrar los cambios entre commits, commit y \xc3\xa1rbol de trabajo, etc\n   grep      Imprimir las l\xc3\xadneas que concuerden con el patr\xc3\xb3n\n   log       Mostrar los logs de los commits\n   show      Mostrar varios tipos de objetos\n   status    Mostrar el estado del \xc3\xa1rbol de trabajo\n\ncrecer, marcar y ajustar tu historial com\xc3\xban\n   branch    Listar, crear, o borrar ramas\n   commit    Grabar los cambios al repositorio\n   merge     Juntar dos o m\xc3\xa1s historiales de desarrollo juntos\n   rebase    Volver a aplicar commits en la punta de otra rama\n   reset     Reiniciar el HEAD actual a un estado espec\xc3\xadfico\n   switch    Cambiar de branch\n   tag       Crear, listar, borrar o verificar un objeto de tag firmado con GPG\n\ncolaborar (mira tambi\xc3\xa9n: git help workflows)\n   fetch     Descargar objetos y referencias de otro repositorio\n   pull      Realizar un fetch e integra con otro repositorio o rama local\n   push      Actualizar referencias remotas junto con sus objetos asociados\n\n'git help -a' y 'git help -g' listan los subcomandos disponibles y algunas\ngu\xc3\xadas de concepto. Consulta 'git help <command>' o 'git help <concepto>'\npara leer sobre un subcomando o concepto espec\xc3\xadfico.\nMira 'git help git' para una vista general del sistema.\n""
[0m19:55:48.097236 [debug] [MainThread]: STDERR: "b''"
[0m19:55:48.097521 [info ] [MainThread]:  - git [[32mOK found[0m]

[0m19:55:48.097830 [info ] [MainThread]: Connection:
[0m19:55:48.098133 [info ] [MainThread]:   method: oauth
[0m19:55:48.098504 [info ] [MainThread]:   database: facturacion-dian-poc
[0m19:55:48.098800 [info ] [MainThread]:   execution_project: facturacion-dian-poc
[0m19:55:48.099067 [info ] [MainThread]:   schema: silver
[0m19:55:48.099331 [info ] [MainThread]:   location: US
[0m19:55:48.099590 [info ] [MainThread]:   priority: interactive
[0m19:55:48.099862 [info ] [MainThread]:   maximum_bytes_billed: None
[0m19:55:48.100140 [info ] [MainThread]:   reservation: None
[0m19:55:48.100551 [info ] [MainThread]:   impersonate_service_account: None
[0m19:55:48.101014 [info ] [MainThread]:   job_retry_deadline_seconds: None
[0m19:55:48.101295 [info ] [MainThread]:   job_retries: 1
[0m19:55:48.101558 [info ] [MainThread]:   job_creation_timeout_seconds: None
[0m19:55:48.101807 [info ] [MainThread]:   job_execution_timeout_seconds: 300
[0m19:55:48.102054 [info ] [MainThread]:   job_link_info_level_log: False
[0m19:55:48.102297 [info ] [MainThread]:   timeout_seconds: 300
[0m19:55:48.102621 [info ] [MainThread]:   client_id: None
[0m19:55:48.102979 [info ] [MainThread]:   token_uri: None
[0m19:55:48.103317 [info ] [MainThread]:   compute_region: None
[0m19:55:48.103632 [info ] [MainThread]:   dataproc_cluster_name: None
[0m19:55:48.103893 [info ] [MainThread]:   gcs_bucket: None
[0m19:55:48.104183 [info ] [MainThread]:   dataproc_batch: None
[0m19:55:48.104854 [info ] [MainThread]: Registered adapter: bigquery=1.12.1
[0m19:55:48.225476 [debug] [MainThread]: Acquiring new bigquery connection 'debug'
[0m19:55:48.226031 [debug] [MainThread]: On debug: select 1 as id
[0m19:55:48.226415 [debug] [MainThread]: Opening a new connection, currently in state init
[0m19:55:51.366103 [debug] [MainThread]: BigQuery adapter: https://console.cloud.google.com/bigquery?project=facturacion-dian-poc&j=bq:US:c271054f-778f-4d97-9083-94ee3c70ac90&page=queryresults
[0m19:55:51.700614 [debug] [MainThread]: SQL status: OK in 0.334 seconds
[0m19:55:52.150129 [info ] [MainThread]:   Connection test: [[32mOK connection ok[0m]

[0m19:55:52.150847 [info ] [MainThread]: [32mAll checks passed![0m
[0m19:55:52.151214 [info ] [MainThread]: Your new dbt project "dbt_project" was created!
Initialized new project in /home/stivenjc/PycharmProjects/observatorio-colombia/dbt_project/dbt_project

For more information on how to configure the profiles.yml file,
please consult the dbt documentation here:

  https://docs.getdbt.com/docs/configure-your-profile

One more thing:

Need help? Don't hesitate to reach out to us via GitHub issues or on Slack:

  https://community.getdbt.com/

Happy modeling!

[0m19:55:52.151826 [debug] [MainThread]: Resource report: {"command_name": "init", "command_success": true, "command_wall_clock_time": 77.98933, "process_in_blocks": "179496", "process_kernel_time": 0.456949, "process_mem_max_rss": "235500", "process_out_blocks": "1864", "process_user_time": 3.349639}
[0m19:55:52.152507 [debug] [MainThread]: Command `dbt init` succeeded at 19:55:52.152425 after 77.99 seconds
[0m19:55:52.152819 [debug] [MainThread]: Connection 'debug' was properly closed.
[0m19:55:52.153172 [debug] [MainThread]: Sending event: {'category': 'dbt', 'action': 'invocation', 'label': 'end', 'context': [<snowplow_tracker.self_describing_json.SelfDescribingJson object at 0x7f47166326d0>, <snowplow_tracker.self_describing_json.SelfDescribingJson object at 0x7f47164c7310>, <snowplow_tracker.self_describing_json.SelfDescribingJson object at 0x7f46e6f87690>]}
[0m19:55:52.153541 [debug] [MainThread]: Flushing usage events
[0m19:55:52.827687 [debug] [MainThread]: An error was encountered while trying to flush usage events
